▒▒
▒[▒▒®▒5W:▒ ▒P▒!E▒'j▒1▒▒X▒▒r▒ס▒t▒▒▒]▒▒▒.▒▒ob▒▒A▒+▒rXס▒▒bնY
▒ ▒mB▒▒▒͕s▒Cᛂ0▒  ʢ▒Jy▒S▒▒▒▒ɕ▒▒Z▒▒ ▒▒r▒.▒▒▒9▒KS▒ڔ▒S▒▒&i▒,▒3▒▒[▒▒®▒9▒J▒ ▒▒▒▒
▒:▒▒▒▒▒▒▒▒[▒▒0)▒▒W
▒ ▒+
rYW+ů
ҠP▒▒5
[▒▒▒)µWJy ▒▒K▒▒[�t▒
▒▒r▒▒▒A▒▒ʠi▒▒rY,▒+▒p▒w▒▒dJ▒[0▒▒▒L�J▒▒A▒]▒ҕv▒n▒ '▒▒&�ᛂ0r▒1▒PuTTYJy▒j▒rY▒i.▒▒▒҂▒A
▒[▒▒▒▒L▒J▒ RX▒YҠ▒▒

[0▒▒▒LʝJ▒▒ѽ▒K▒YҠ▒▒

▒▒�)▒▒]Jy▒▒▒}l▒W
҂▒▒
▒[0▒▒▒L&▒PuTTYJ▒▒▒ѭ▒▒▒,▒▒▒M▒H▒[▒▒0)▒▒W
▒ ▒V▒▒ ▒▒▒▒▒d▒C▒[▒▒0)▒▒Wz▒ ▒
▒▒lZ▒▒▒▒▒m▒.▒▒A▒K٤J▒s,▒t,
▒է▒.W▒5
▒▒�)▒▒]▒y▒*▒ɹ V▒a]▒▒s▒▒▒5
[▒▒▒)▒W*y P,W˕A▒닁c▒▒▒A▒▒j▒[▒▒�▒▒j▒I▒ݯ▒ ▒vZ▒▒▒Sj5
[▒▒®L▒W▒j▒▒PuTTYEPuTTYT▒Ju▒▒ʙ▒T▒▒YWk▒Ap▒▒▒d▒7▒▒*▒pWA▒
*       1▒▒Q9
▒ۂ°)ҘJy ▒▒▒Y▒▒u▒▒3N▒▒C▒[▒▒0)▒1W:▒ ▒m
▒i▒▒▒.2▒▒ ▒k▒BՁ▒(▒}N▒h▒[0▒▒▒LS▒PuTTY▒▒ʫ▒pZ▒b▒k▒f
c▒i▒(UA_▒%5
[0▒▒▒LSꁗS▒
▒▒▒▒▒o▒2▒r▒▒'
aI▒▒    5
▒▒0r▒▒&PuTTY▒▒▒▒pZ▒b▒k▒▒Kc▒i▒P▒▒5AU▒*j5
[0▒▒▒L�▒▒ʫ▒▒Z▒b▒k▒f
A▒i▒h9▒
▒ۂ°)ʊ]▒y▒▒+▒p▒끢▒+Ѡ▒K▒c▒▒▒▒
j▒▒▒°)ʲ]Jy▒▒▒▒-▒YWk▒i▒Y▒

▒ۂ°)▒WJy ▒▒KU▒YWk▒i Y▒*5▒ۂ°I�Jy *V▒ͺBMQ0j▒▒▒*١,+▒
▒[0▒▒▒&ҝJ▒ E▒A▒YV▒▒m0▒▒▒a.▒▒▒▒,▒Q
i0▒
▒[▒▒®f▒▒I▒*▒▒▒▒▒i▒k▒j▒ ▒▒'▒A,*▒▒'▒▒
▒[▒▒0   ▒▒W
▒ ▒▒reV▒˭▒W'▒хr▒▒A▒*٤'▒▒
▒[▒▒▒▒▒▒J▒ E▒A▒YV▒▒m3▒▒▒a.▒▒▒▒,▒Q
i0▒
▒▒▒°I▒▒]Jy▒Q▒(ҕg▒˫E▒i▒*W▒t▒▒▒, Q▒▒0▒j
[▒▒�ƚj▒I▒rݮ▒ԍ ▒▒V▒뭰W'▒хr▒▒°    *▒d'▒▒0▒▒°▒
ᛂ0r▒3N7Jy▒▒▒5E▒▒▒Z▒m1▒'Z▒a.▒▒▒▒,▒Q▒▒0▒j
ۂ°I�Jy ▒▒Q▒(ҕgZ˫%▒i▒*W▒t▒▒▒, Q▒▒0▒j
[▒▒▒)▒▒W
▒ ▒▒▒*
▒▒.▒▒[▒'▒▒▒W¸b▒▒▒▒0xj
[▒▒�Fj▒I▒rݮ▒ԍ ▒▒V▒뭴W'▒хr▒▒b▒ŋ▒A
▒[▒▒▒I▒W
y T▒▒Q▒b▒e▒۱c▒▒▒H[▒▒®▒S▒E>2▒▒J▒▒j▒I
▒▒▒▒ݮ6k5
ۂ°I�]Jy▒▒▒▒-▒YWk▒i Y▒*▒[▒▒�F▒j▒I▒▒ѭ▒,▒▒vJ͠XK▒a▒^J▒iW+▒▒▒YVH▒0r▒▒M7Jy▒S▒d▒▒
▒H▒▒▒▒▒main enter

SPE VERSION #: R01.00.14 Created: Sep 19 2018 @ 11:03:21

HW Function test

Start Scheduler.

in late init

▒▒
I> Welcome to MB2(TBoot-BPMP) (version: 00.00.2018.32-mobile-2dfe4beb)

I> DMA Heap @ [0x526fa000 - 0x52ffa000]

I> Default Heap @ [0xd486400 - 0xd48a400]

E> DEVICE_PROD: Invalid value data = 70020000, size = 0.

W> device prod register failed

I> Boot-device: eMMC

I> Boot_device: SDMMC_BOOT instance: 3

I> sdmmc-3 params source = boot args

I> sdmmc bdev is already initialized

I> sdmmc-3 params source = boot args

I> Found 17 partitions in SDMMC_BOOT (instance 3)

I> Found 42 partitions in SDMMC_USER (instance 3)

W> No valid slot number is found in scratch register

W> Return default slot: _a

I> Active Boot chain : 0

I> parsing oem signed section of bpmp-fw header done

I> bpmp-fw binary init read from storage

I> oem authentication of bpmp-fw header done

I> bpmp-fw binary done read from storage

I> bpmp-fw: Authentication init Done

I> parsing oem signed section of cpubl header done

I> cpubl binary init read from storage

I> bpmp-fw: Authentication Finalize Done

I> oem authentication of cpubl header done

I> cpubl binary done read from storage

I> cpubl: Authentication init Done

I> parsing oem signed section of rce header done

I> rce binary init read from storage

I> Relocating BR-BCT

I> cpubl: Authentication Finalize Done

I> oem authentication of rce header done

I> rce binary done read from storage

I> rce: Authentication init Done

I> parsing oem signed section of ape header done

I> ape binary init read from storage

I> rce: Authentication Finalize Done

I> oem authentication of ape header done

I> ape binary done read from storage

I> ape: Authentication init Done

I> parsing oem signed section of tos header done

I> tos binary init read from storage

I> ape: Authentication Finalize Done

I> oem authentication of tos header done

I> tos binary done read from storage

I> tos: Authentication init Done

I> parsing oem signed section of bpmp-fw-dtb header done

I> bpmp-fw-dtb binary init read from storage

I> tos: Authentication Finalize Done

I> oem authentication of bpmp-fw-dtb header done

I> bpmp-fw-dtb binary done read from storage

I> bpmp-fw-dtb: Authentication init Done

I> parsing oem signed section of cpubl-dtb header done

I> cpubl-dtb binary init read from storage

I> bpmp-fw-dtb: Authentication Finalize Done

I> oem authentication of cpubl-dtb header done

I> cpubl-dtb binary done read from storage

I> cpubl-dtb: Authentication init Done

I> parsing oem signed section of eks header done

I> eks binary init read from storage

I> cpubl-dtb: Authentication Finalize Done

I> oem authentication of eks header done

I> eks binary done read from storage

I> eks: Authentication init Done

I> eks: Authentication Finalize Done

I> EKB detected (length: 0x410) @ VA:0x5270a400

▒▒NOTICE:  BL31: v1.3(release):41d46a9cf

NOTICE:  BL31: Built : 21:14:52, Jun 25 2020

ipc-unittest-main: 1519: Welcome to IPC unittest!!!

ipc-unittest-main: 1531: waiting forever

ipc-unittest-srv: 329: Init unittest services!!!

hwkey-agent: 40: hwkey-agent is running!!

hwkey-agent: 182: key_mgnt_processing .......

hwkey-agent: 157: Init hweky-agent services!!

platform_bootstrap_epilog: trusty bootstrap complete

▒▒


welcome to lk

calling constructors

initializing heap

creating bootstrap completion thread

top of bootstrap2()

initializing platform

bpmp: platform_init

tag is 57f8a77779f848bf2ecf21dabee5645f

tag_show initialized

dt initialized

mail initialized

chipid initialized

fuse initialized

sku initialized

speedo initialized

ec_get_ec_list: found 45 ecs

ec initialized

ec_mrq initialized

vmon_populate_monitors: found 3 monitors

vmon initialized

adc initialized

fmon_populate_monitors: found 73 monitors

fmon initialized

fmon_mrq initialized

reset initialized

nvhs initialized

392 clocks registered

WARNING: pll_c4 has no dyn ramp

clk_mrq_init: mrq handler registered

clk initialized

nvlink initialized

io_dpd initialized

io_dpd initialized

thermal initialized

i2c5 controller initialized

initialized i2c mrq handling

i2c initialized

regulator initialized

avfs_clk_platform initialized

soctherm initialized

aotag initialized

powergate initialized

dvs initialized

pm initialized

pg_late initialized

strap initialized

tag initialized

emc initialized

clk_dt initialized

avfs_ccplex_platform initialized

tj_max: dt node not found

tj_init initialized

uphy_mrq_init: mrq handler registered

uphy_dt initialized

uphy initialized

safereg_init: period 80 ms

ec_late initialized

mrq initialized

▒▒
I> Welcome to Cboot

▒▒fmon_post initialized

▒▒[0001.167] I> Cboot Version: t194-18fdfe28

I> CPU-BL Params @ 0xf2820000

I>  0) Base:0x00000000 Size:0x00000000

I>  1) Base:0xf1100000 Size:0x00100000

I>  2) Base:0xf2000000 Size:0x00200000

I>  3) Base:0xf1200000 Size:0x00200000

I>  4) Base:0xf1000000 Size:0x00100000

▒▒clk_set_parent failed for clk can1, parent pll_aon (-22)

clk_set_parent failed for clk can2, parent pll_aon (-22)

clk_set_parent failed for clk dmic5, parent pll_aon (-22)

clk_set_parent failed for clk i2c2, parent pll_aon (-22)

clk_set_parent failed for clk i2c8, parent pll_aon (-22)

clk_set_parent failed for clk spi2, parent pll_aon (-22)

clk_set_parent failed for clk pwm4, parent pll_aon (-22)

clk_dt_late initialized

machine_check initialized

pm_post initialized

dbells initialized

avfs_clk_platform_post initialized

dmce initialized

cvc initialized

ccplex_avfs_hw_init: nafll_cluster0: not monitored

ccplex_avfs_hw_init: nafll_cluster1: not monitored

ccplex_avfs_hw_init: nafll_cluster2: not monitored

ccplex_avfs_hw_init: nafll_cluster3: not monitored

avfs_clk_mach_post initialized

regulator_post initialized

rm initialized

sc7_diag initialized

thermal_test initialized

serial_late initialized

clk_post initialized

clk_dt_post initialized

mc_reg initialized

pg_post initialized

dyn_modules initialized

sku_debugfs initialized

speedo_debugfs initialized

adc_debugfs initialized

clk_debugfs initialized

▒▒[0001.189] I>  5) Base:0xf0f00000 Size:0x00100000

I>  6) Base:0xf3800000 Size:0x00400000

I>  7) Base:0xf1c00000 Size:0x00400000

I>  8) Base:0xf0e00000 Size:0x00100000

I>  9) Base:0xf0d00000 Size:0x00100000

I> 10) Base:0xf3000000 Size:0x00800000

I> 11) Base:0x40000000 Size:0x00040000

I> 12) Base:0xf0c00000 Size:0x00100000

I> 13) Base:0x40046000 Size:0x00002000

▒▒emc_debugfs initialized

dvs_debugfs initialized

fmon_debugfs initialized

vmon_debugfs initialized

pg_debugfs initialized

profile_fs initialized

debugfs_cons initialized

mail_fs initialized

profile initialized

cvc_debugfs initialized

dmce_debugfs initialized

ec_debugfs initialized

rm_debugfs initialized

soctherm_debug initialized

gr_reader initialized

mods initialized

dt_fs initialized

debugfs_mrq initialized

debug_mrq initialized

debug_safereg initialized

initializing target

calling apps_init()

starting app shell

entering main console loop

] ▒▒[0001.329] I> 14) Base:0x40048000 Size:0x00002000

I> 15) Base:0xac000000 Size:0x00004000

I> 16) Base:0x4004a000 Size:0x00002000

I> 17) Base:0xf0b00000 Size:0x00100000

I> 18) Base:0x4004c000 Size:0x00002000

I> 19) Base:0xf2200000 Size:0x00600000

I> 20) Base:0x4004e000 Size:0x00002000

I> 21) Base:0xf09d0000 Size:0x0000c000

I> 22) Base:0x00000000 Size:0x00000000

I> 23) Base:0xf09e0000 Size:0x00020000

I> 24) Base:0xf6000000 Size:0x02000000

I> 25) Base:0x40050000 Size:0x00002000

I> 26) Base:0x40040000 Size:0x00006000

I> 27) Base:0xf1800000 Size:0x00400000

I> 28) Base:0xf4c00000 Size:0x01400000

I> 29) Base:0xf1400000 Size:0x00400000

I> 30) Base:0xf0a00000 Size:0x00100000

I> 31) Base:0x00000000 Size:0x00000000

I> 32) Base:0xf8000000 Size:0x08000000

I> 33) Base:0x00000000 Size:0x00000000

I> 34) Base:0xf3c00000 Size:0x01000000

I> 35) Base:0xab000000 Size:0x01000000

I> 36) Base:0xa0000000 Size:0x0b000000

I> 37) Base:0xf2800000 Size:0x00800000

I> 38) Base:0x80000000 Size:0x20000000

I> 39) Base:0xb0000000 Size:0x08000000

I> 40) Base:0x00000000 Size:0x00000000

I> 41) Base:0x00000000 Size:0x00000000

I> 42) Base:0x00000000 Size:0x00000000

I> 43) Base:0x00000000 Size:0x00000000

I> 44) Base:0x00000000 Size:0x00000000

I> 45) Base:0x00000000 Size:0x00000000

GIC-SPI Target CPU: 0

Interrupts Init done

calling constructors

initializing heap

I> Heap: [0xa06905a8 ... 0xab000000]

initializing threads

initializing timers

creating bootstrap completion thread

top of bootstrap2()

CPU: MIDR: 0x4E0F0040, MPIDR: 0x80000000

initializing platform

E> DEVICE_PROD: Invalid value data = 0, size = 0.

W> device prod register failed

I> Bl_dtb @0xaaf00000

W> "plugin-manager" doesn't exist, creating

W> "ids" doesn't exist, creating

W> "connection" doesn't exist, creating

W> "configs" doesn't exist, creating

I> Find /i2c@3160000's alias i2c0

I> Reading eeprom i2c=0 address=0x50

I> Device at /i2c@3160000:0x50

I> Reading eeprom i2c=0 address=0x56

E> I2C: slave not found in slaves.

E> I2C: Could not write 0 bytes to slave: 0x00ac with repeat start true.

E> I2C_DEV: Failed to send register address 0x00000000.

E> I2C_DEV: Could not read 256 registers of size 1 from slave 0xac at 0x00000000 via instance 0.

E> eeprom: Failed to read I2C slave device

I> Eeprom read failed 0x3526070d

I> Find /i2c@3180000's alias i2c2

I> Reading eeprom i2c=2 address=0x54

E> I2C: slave not found in slaves.

E> I2C: Could not write 0 bytes to slave: 0x00a8 with repeat start true.

E> I2C_DEV: Failed to send register address 0x00000000.

E> I2C_DEV: Could not read 256 registers of size 1 from slave 0xa8 at 0x00000000 via instance 2.

E> eeprom: Failed to read I2C slave device

I> Eeprom read failed 0x3526070d

I> Reading eeprom i2c=2 address=0x57

E> I2C: slave not found in slaves.

E> I2C: Could not write 0 bytes to slave: 0x00ae with repeat start true.

E> I2C_DEV: Failed to send register address 0x00000000.

E> I2C_DEV: Could not read 256 registers of size 1 from slave 0xae at 0x00000000 via instance 2.

E> eeprom: Failed to read I2C slave device

I> Eeprom read failed 0x3526070d

I> Reading eeprom i2c=2 address=0x52

E> I2C: slave not found in slaves.

E> I2C: Could not write 0 bytes to slave: 0x00a4 with repeat start true.

E> I2C_DEV: Failed to send register address 0x00000000.

E> I2C_DEV: Could not read 256 registers of size 1 from slave 0xa4 at 0x00000000 via instance 2.

E> eeprom: Failed to read I2C slave device

I> Eeprom read failed 0x3526070d

I> Find /i2c@c240000's alias i2c1

I> Reading eeprom i2c=1 address=0x52

E> I2C: slave not found in slaves.

E> I2C: Could not write 0 bytes to slave: 0x00a4 with repeat start true.

E> I2C_DEV: Failed to send register address 0x00000000.

E> I2C_DEV: Could not read 256 registers of size 1 from slave 0xa4 at 0x00000000 via instance 1.

E> eeprom: Retry to read I2C slave device.

E> I2C: slave not found in slaves.

E> I2C: Could not write 0 bytes to slave: 0x00a4 with repeat start true.

E> I2C_DEV: Failed to send register address 0x00000000.

E> I2C_DEV: Could not read 256 registers of size 1 from slave 0xa4 at 0x00000000 via instance 1.

E> eeprom: Failed to read I2C slave device

I> Eeprom read failed 0x3526070d

I> Reading eeprom i2c=1 address=0x50

E> I2C: slave not found in slaves.

E> I2C: Could not write 0 bytes to slave: 0x00a0 with repeat start true.

E> I2C_DEV: Failed to send register address 0x00000000.

E> I2C_DEV: Could not read 256 registers of size 1 from slave 0xa0 at 0x00000000 via instance 1.

E> eeprom: Retry to read I2C slave device.

E> I2C: slave not found in slaves.

E> I2C: Could not write 0 bytes to slave: 0x00a0 with repeat start true.

E> I2C_DEV: Failed to send register address 0x00000000.

E> I2C_DEV: Could not read 256 registers of size 1 from slave 0xa0 at 0x00000000 via instance 1.

E> eeprom: Failed to read I2C slave device

I> Eeprom read failed 0x3526070d

I> create_pm_ids: id: 2888-0004-400-P, len: 15

I> config: mem-type:00,power-config:00,misc-config:00,modem-config:00,touch-config:00,display-config:00,, len: 93

I> Adding plugin-manager/ids/2888-0004-400=/i2c@3160000:module@0x50

W> "i2c@3160000" doesn't exist, creating

W> "module@0x50" doesn't exist, creating

I> Adding plugin-manager/cvm

W> "chip-id" doesn't exist, creating

I> Adding plugin-manager/chip-id/A02P

I> Plugin-manager override starting

I> node /plugin-manager/fragement-tegra-wdt-en matches

I> node /plugin-manager/fragement-soft-wdt matches

I> node /plugin-manager/fragment-pcie-c5-rp matches

I> node /plugin-manager/fragment-tegra-ufs-lane10 matches

I> Disable plugin-manager status in FDT

I> Plugin-manager override finished successfully

I> gpio framework initialized

I> tegrabl_gpio_driver_register: register 'nvidia,tegra194-gpio' driver

I> tegrabl_gpio_driver_register: register 'nvidia,tegra194-gpio-aon' driver

I> tegrabl_tca9539_init: i2c bus: 1, slave addr: 0x46

E> fetch_driver_phandle_from_dt: failed to get node with compatible ti,tca9539

E> fetch_driver_phandle_from_dt: failed to get node with compatible nxp,tca9539

W> tegrabl_tca9539_init: failed to fetch phandle from dt

I> tegrabl_tca9539_init: i2c bus: 1, slave addr: 0x44

E> fetch_driver_phandle_from_dt: failed to get node with compatible ti,tca9539

E> fetch_driver_phandle_from_dt: failed to get node with compatible nxp,tca9539

W> tegrabl_tca9539_init: failed to fetch phandle from dt

I> fixed regulator driver initialized

I> register 'maxim' power off handle

I> virtual i2c enabled

I> registered 'maxim,max20024' pmic

I> tegrabl_gpio_driver_register: register 'max20024-gpio' driver

I> Boot-device: eMMC

I> Boot_device: SDMMC_BOOT instance: 3

I> sdmmc-3 params source = boot args

I> create_pm_ids: id: 2888-0004-400-P, len: 15

I> config: mem-type:00,power-config:00,misc-config:00,modem-config:00,touch-config:00,display-config:00,, len: 93

I> sdmmc bdev is already initialized

I> sdmmc-3 params source = boot args

I> Found 17 partitions in SDMMC_BOOT (instance 3)

I> Found 42 partitions in SDMMC_USER (instance 3)

I> enabling 'vdd-hdmi-5v0' regulator

I> regulator 'vdd-hdmi-5v0' already enabled

I> hdmi cable connected

W> set volts not configured for 'vdd-1v0'

W> set volts not configured for 'vdd-1v8-hs'

E> cannot find any other nvdisp nodes

E> I2C: Timeout while polling for bus clear. Last value 0x00000000.

E> I2C: Failed to clear bus for instance 6.

E> I2C: Failed to clear bus for instance 6.

E> I2C_DEV: Failed to initialize instance 6.

E> read_edid, invalid i2c handle

I> hdmi_enable, starting HDMI initialisation

I> hdmi_enable, HDMI initialisation complete

I> Load in CBoot Boot Options partition and parse it

E> Error -9 when finding node with path /boot-configuration

E> tegrabl_cbo_parse_info: "boot-configuration" not found in CBO file.

I> Hit any key to stop autoboot:     4       3       2       1

initializing target

calling apps_init()

starting app kernel_boot_app

I> found decompressor handler: lz4-legacy

I> decompressing BMP blob ...

I> Kernel type = Normal

I> Loading kernel-bootctrl from partition

I> Loading partition kernel-bootctrl at 0xa4ac0000 from device(0x1)

W> tegrabl_get_kernel_bootctrl: magic number(0x00000000) is invalid

W> tegrabl_get_kernel_bootctrl: use default dummy boot control data

I> ########## SD boot ##########

W> Error: failed to get sd-card params

I> -0 params source =

E> Failed to initialize device 6-0

E> SD boot failed, err: 252641293

I> ########## USB boot ##########

W> No valid slot number is found in scratch register

W> Return default slot: _a

I> USB Firmware Version: 60.06 release

I> regulator of usb2-0 already enabled

I> regulator of usb2-1 already enabled

I> regulator of usb2-2 already enabled

I> regulator of usb2-3 already enabled

E> GPIO missing. Cannot disable regulator vdd-5v-sata

I> regulator 'vdd-5v-sata' already enabled

E> failed to initialize xhci controller

E> Error in init of XUSB host driver, err: 79790026

E> Failed to initialize device 5-0

E> USB boot failed, err: 2037973030

I> ########## Fixed storage boot ##########

I> Already published: 00010003

I> Look for boot partition

I> Fallback: assuming 0th partition is boot partition

I> Detect filesystem

I> Loading extlinux.conf ...

I> rootfs path: /sdmmc_user/boot/extlinux/extlinux.conf

I> L4T boot options

I> [1]: "primary kernel"

I> Enter choice:

I> Continuing with default option: 1

I> Loading kernel sig file from rootfs ...

I> rootfs path: /sdmmc_user/boot/Image.sig

I> Loading kernel binary from rootfs ...

I> rootfs path: /sdmmc_user/boot/Image

I> Validate kernel ...

I> T19x: Authenticate kernel (bin_type: 37), max size 0x5000000

E> digest on binary did not match!!

C> OEM authentication of kernel payload failed!

W> Failed to validate kernel binary (err=1077936152, fail=0)

W> Security fuse not burned, ignore validation failure

I> No kernel-dtb binary path

W> No valid slot number is found in scratch register

W> Return default slot: _a

I> A/B: bin_type (38) slot 0

I> Loading kernel-dtb from partition

I> Loading partition kernel-dtb at 0x91000000 from device(0x1)

I> Validate kernel-dtb ...

I> T19x: Authenticate kernel-dtb (bin_type: 38), max size 0x400000

I> Loading ramdisk from rootfs ...

I> rootfs path: /sdmmc_user/boot/initrd

I> Kernel hdr @0xa4ac0000

I> Kernel dtb @0x90000000

I> decompressor handler not found

I> Copying kernel image (33961992 bytes) from 0xa4ac0000 to 0x80080000 ... [0009.239] I> Done

I> Updated bpmp info to DTB

I> Ramdisk: Base: 0x92000000; Size: 0x15dd0f6

I> Updated initrd info to DTB

W> WARN: Fail to override "console=none" in commandline

E> tegrabl_linuxboot_add_disp_param, du 1 failed to get display params

E> tegrabl_linuxboot_add_disp_param, du 1 failed to get display params

W> No valid slot number is found in scratch register

W> Return default slot: _a

I> Active slot suffix:

I> add_boot_slot_suffix: slot_suffix =

I> Linux Cmdline: root=/dev/mmcblk0p1 rw rootwait console=ttyTCU0,115200n8 net.ifnames=0 rootfstype=ext4 quite video=tegrafb no_console_suspend=1 earlycon=tegra_comb_uart,mmio32,0x0c168000 gpt tegra_fbmem=0x800000@0xa069c000 lut_mem=0x2008@0xa0696000 usbcore.old_scheme_first=1 tegraid=19.1.2.0.0 maxcpus=8 boot.slot_suffix= boot.ratchetvalues=0.4.2 vpr_resize sdhci_tegra.en_boot_part_access=1

I> Updated bootarg info to DTB

W> MAC addr invalid!

E> Failed to get WIFI MAC address

W> MAC addr invalid!

E> Failed to get Bluetooth MAC address

I> eeprom_get_mac_addr: MAC (type: 2): 48:b0:2d:63:da:d4

W> "plugin-manager" doesn't exist, creating

I> Adding /chosen/plugin-manager/cvm

W> "chip-id" doesn't exist, creating

I> Adding /chosen/plugin-manager/chip-id

W> "configs" doesn't exist, creating

I> Adding /chosen/plugin-manager/configs

W> "ids" doesn't exist, creating

I> Adding /chosen/plugin-manager/ids

W> "odm-data" doesn't exist, creating

I> Adding /chosen/plugin-manager/odm-data

W> "memory" doesn't exist, creating

I> [0] START: 0x80000000, END: 0xac000000

I> [1] START: 0xac004000, END: 0xf09d0000

I> [2] START: 0xf09dc000, END: 0xf09e0000

I> dram_block larger than 80000000

I> [3] START: 0x100000000, END: 0x880000000

I> added [base:0x80000000, size:0x2c000000] to /memory

I> added [base:0xac200000, size:0x44600000] to /memory

I> added [base:0x100000000, size:0x780000000] to /memory

I> Updated memory info to DTB

E> add_disp_param: failed to get display params for du=1

W> "reset" doesn't exist, creating

I> NVG: Logical CPU: 0; MPIDR: 0x80000000

I> NVG: Logical CPU: 1; MPIDR: 0x80000001

I> NVG: Logical CPU: 2; MPIDR: 0x80000100

I> NVG: Logical CPU: 3; MPIDR: 0x80000101

I> NVG: Logical CPU: 4; MPIDR: 0x80000200

I> NVG: Logical CPU: 5; MPIDR: 0x80000201

I> NVG: Logical CPU: 6; MPIDR: 0x80000300

I> NVG: Logical CPU: 7; MPIDR: 0x80000301

W> "misc-data" doesn't exist, creating

I> Boot-device: eMMC

I> Add boot-sdmmc to plugin-manager/misc-data

I> Add storage-sdmmc to plugin-manager/misc-data

W> Unknown storage device

I> Add serial number:1420222030634 as DT property

I> Plugin-manager override starting

I> node /plugin-manager/fragement-tegra-wdt-en matches

I> node /plugin-manager/fragement-soft-wdt matches

I> node /plugin-manager/fragment-pcie-c5-rp matches

I> node /plugin-manager/fragment-tegra-ufs-lane10 matches

I> Disable plugin-manager status in FDT

I> Plugin-manager override finished successfully

I> tegrabl_load_kernel_and_dtb: Done

I> Kernel EP: 0x80080000, DTB: 0x90000000

Booting Linux on physical CPU 0x0

Linux version 4.9.140-tegra (cloundliu@cloundliu) (gcc version 7.3.1 20180425 [linaro-7.3-2018.05 revision d29120a424ecfbc167ef90065c0eeb7f91977701] (Linaro GCC 7.3-2018.05) ) #194 SMP PREEMPT Wed Aug 3 10:55:29 CST 2022

Boot CPU: AArch64 Processor [4e0f0040]

OF: fdt:memory scan node memory, reg size 48,

OF: fdt: - 80000000 ,  2c000000

OF: fdt: - ac200000 ,  44600000

OF: fdt: - 100000000 ,  780000000

earlycon: tegra_comb_uart0 at MMIO32 0x000000000c168000 (options '')

bootconsole [tegra_comb_uart0] enabled

Found tegra_fbmem: 00800000@a069c000

Found lut_mem: 00002008@a0696000

OF: fdt:Reserved memory: failed to reserve memory for node 'fb1_carveout': base 0x0000000000000000, size 0 MiB

OF: fdt:Reserved memory: failed to reserve memory for node 'fb1_carveout': base 0x0000000000000000, size 0 MiB

OF: fdt:Reserved memory: failed to reserve memory for node 'fb2_carveout': base 0x0000000000000000, size 0 MiB

OF: fdt:Reserved memory: failed to reserve memory for node 'fb2_carveout': base 0x0000000000000000, size 0 MiB

OF: fdt:Reserved memory: failed to reserve memory for node 'fb3_carveout': base 0x0000000000000000, size 0 MiB

OF: fdt:Reserved memory: failed to reserve memory for node 'fb3_carveout': base 0x0000000000000000, size 0 MiB

OF: reserved mem: initialized node ramoops_carveout, compatible id nvidia,ramoops

OF: reserved mem: initialized node vpr-carveout, compatible id nvidia,vpr-carveout

OF: reserved mem: initialized node grid-of-semaphores, compatible id nvidia,gosmem

cma: Reserved 64 MiB at 0x00000000c2000000

psci: probing for conduit method from DT.

psci: PSCIv1.0 detected in firmware.

psci: Using standard PSCI v0.2 function IDs

psci: MIGRATE_INFO_TYPE not supported.

psci: SMC Calling Convention v1.1

percpu: Embedded 25 pages/cpu @ffffffc7ffcb9000 s61656 r8192 d32552 u102400

Speculative Store Bypass Disable mitigation not required

Built 1 zonelists in Zone order, mobility grouping on.  Total pages: 8192013

Kernel command line: root=/dev/mmcblk0p1 rw rootwait console=ttyTCU0,115200n8 net.ifnames=0 rootfstype=ext4 quite video=tegrafb no_console_suspend=1 earlycon=tegra_comb_uart,mmio32,0x0c168000 gpt tegra_fbmem=0x800000@0xa069c000 lut_mem=0x2008@0xa0696000 usbcore.old_scheme_first=1 tegraid=19.1.2.0.0 maxcpus=8 boot.slot_suffix= boot.ratchetvalues=0.4.2 vpr_resize sdhci_tegra.en_boot_part_access=1    root=/dev/mmcblk0p1 rw rootwait rootfstype=ext4 console=ttyTCU0,115200n8 console=tty0 fbcon=map:0 net.ifnames=0 rootfstype=ext4

log_buf_len individual max cpu contribution: 32768 bytes

log_buf_len total cpu_extra contributions: 229376 bytes

log_buf_len min size: 32768 bytes

log_buf_len: 262144 bytes

early log buf free: 29096(88%)

PID hash table entries: 4096 (order: 3, 32768 bytes)

Dentry cache hash table entries: 4194304 (order: 13, 33554432 bytes)

Inode-cache hash table entries: 2097152 (order: 12, 16777216 bytes)

Memory: 31900952K/33288180K available (15166K kernel code, 2894K rwdata, 6552K rodata, 8512K init, 609K bss, 633564K reserved, 753664K cma-reserved)

Virtual kernel memory layout:

modules : 0xffffff8000000000 - 0xffffff8008000000   (   128 MB)

vmalloc : 0xffffff8008000000 - 0xffffffbebfff0000   (   250 GB)

.text : 0xffffff8008080000 - 0xffffff8008f50000   ( 15168 KB)

.rodata : 0xffffff8008f50000 - 0xffffff80095c0000   (  6592 KB)

.init : 0xffffff80095c0000 - 0xffffff8009e10000   (  8512 KB)

.data : 0xffffff8009e10000 - 0xffffff800a0e3808   (  2895 KB)

.bss : 0xffffff800a0e3808 - 0xffffff800a17be3c   (   610 KB)

fixed   : 0xffffffbefe7fd000 - 0xffffffbefec00000   (  4108 KB)

PCI I/O : 0xffffffbefee00000 - 0xffffffbeffe00000   (    16 MB)

vmemmap : 0xffffffbf00000000 - 0xffffffc000000000   (     4 GB maximum)

0xffffffbf00000000 - 0xffffffbf20000000   (   512 MB actual)

memory  : 0xffffffc000000000 - 0xffffffc800000000   ( 32768 MB)

SLUB: HWalign=64, Order=0-3, MinObjects=0, CPUs=8, Nodes=1

Preemptible hierarchical RCU implementation.

Build-time adjustment of leaf fanout to 64.

RCU restricting CPUs from NR_CPUS=64 to nr_cpu_ids=8.

RCU: Adjusting geometry for rcu_fanout_leaf=64, nr_cpu_ids=8

NR_IRQS:64 nr_irqs:64 0

GIC: Using split EOI/Deactivate mode

arm_arch_timer: Architected cp15 timer(s) running at 31.25MHz (phys).

clocksource: arch_sys_counter: mask: 0xffffffffffffff max_cycles: 0xe6a171046, max_idle_ns: 881590405314 ns

sched_clock: 56 bits at 31MHz, resolution 32ns, wraps every 4398046511088ns

Console: colour dummy device 80x25

console [tty0] enabled

bootconsole [tegra_comb_uart0] disabled

Booting Linux on physical CPU 0x0

Linux version 4.9.140-tegra (cloundliu@cloundliu) (gcc version 7.3.1 20180425 [linaro-7.3-2018.05 revision d29120a424ecfbc167ef90065c0eeb7f91977701] (Linaro GCC 7.3-2018.05) ) #194 SMP PREEMPT Wed Aug 3 10:55:29 CST 2022

Boot CPU: AArch64 Processor [4e0f0040]

OF: fdt:memory scan node memory, reg size 48,

OF: fdt: - 80000000 ,  2c000000

OF: fdt: - ac200000 ,  44600000

OF: fdt: - 100000000 ,  780000000

earlycon: tegra_comb_uart0 at MMIO32 0x000000000c168000 (options '')

bootconsole [tegra_comb_uart0] enabled

Found tegra_fbmem: 00800000@a069c000

Found lut_mem: 00002008@a0696000

OF: fdt:Reserved memory: failed to reserve memory for node 'fb1_carveout': base 0x0000000000000000, size 0 MiB

OF: fdt:Reserved memory: failed to reserve memory for node 'fb1_carveout': base 0x0000000000000000, size 0 MiB

OF: fdt:Reserved memory: failed to reserve memory for node 'fb2_carveout': base 0x0000000000000000, size 0 MiB

OF: fdt:Reserved memory: failed to reserve memory for node 'fb2_carveout': base 0x0000000000000000, size 0 MiB

OF: fdt:Reserved memory: failed to reserve memory for node 'fb3_carveout': base 0x0000000000000000, size 0 MiB

OF: fdt:Reserved memory: failed to reserve memory for node 'fb3_carveout': base 0x0000000000000000, size 0 MiB

OF: reserved mem: initialized node ramoops_carveout, compatible id nvidia,ramoops

OF: reserved mem: initialized node vpr-carveout, compatible id nvidia,vpr-carveout

OF: reserved mem: initialized node grid-of-semaphores, compatible id nvidia,gosmem

cma: Reserved 64 MiB at 0x00000000c2000000

psci: probing for conduit method from DT.

psci: PSCIv1.0 detected in firmware.

psci: Using standard PSCI v0.2 function IDs

psci: MIGRATE_INFO_TYPE not supported.

psci: SMC Calling Convention v1.1

percpu: Embedded 25 pages/cpu @ffffffc7ffcb9000 s61656 r8192 d32552 u102400

Speculative Store Bypass Disable mitigation not required

Built 1 zonelists in Zone order, mobility grouping on.  Total pages: 8192013

Kernel command line: root=/dev/mmcblk0p1 rw rootwait console=ttyTCU0,115200n8 net.ifnames=0 rootfstype=ext4 quite video=tegrafb no_console_suspend=1 earlycon=tegra_comb_uart,mmio32,0x0c168000 gpt tegra_fbmem=0x800000@0xa069c000 lut_mem=0x2008@0xa0696000 usbcore.old_scheme_first=1 tegraid=19.1.2.0.0 maxcpus=8 boot.slot_suffix= boot.ratchetvalues=0.4.2 vpr_resize sdhci_tegra.en_boot_part_access=1    root=/dev/mmcblk0p1 rw rootwait rootfstype=ext4 console=ttyTCU0,115200n8 console=tty0 fbcon=map:0 net.ifnames=0 rootfstype=ext4

log_buf_len individual max cpu contribution: 32768 bytes

log_buf_len total cpu_extra contributions: 229376 bytes

log_buf_len min size: 32768 bytes

log_buf_len: 262144 bytes

early log buf free: 29096(88%)

PID hash table entries: 4096 (order: 3, 32768 bytes)

Dentry cache hash table entries: 4194304 (order: 13, 33554432 bytes)

Inode-cache hash table entries: 2097152 (order: 12, 16777216 bytes)

Memory: 31900952K/33288180K available (15166K kernel code, 2894K rwdata, 6552K rodata, 8512K init, 609K bss, 633564K reserved, 753664K cma-reserved)

Virtual kernel memory layout:

modules : 0xffffff8000000000 - 0xffffff8008000000   (   128 MB)

vmalloc : 0xffffff8008000000 - 0xffffffbebfff0000   (   250 GB)

.text : 0xffffff8008080000 - 0xffffff8008f50000   ( 15168 KB)

.rodata : 0xffffff8008f50000 - 0xffffff80095c0000   (  6592 KB)

.init : 0xffffff80095c0000 - 0xffffff8009e10000   (  8512 KB)

.data : 0xffffff8009e10000 - 0xffffff800a0e3808   (  2895 KB)

.bss : 0xffffff800a0e3808 - 0xffffff800a17be3c   (   610 KB)

fixed   : 0xffffffbefe7fd000 - 0xffffffbefec00000   (  4108 KB)

PCI I/O : 0xffffffbefee00000 - 0xffffffbeffe00000   (    16 MB)

vmemmap : 0xffffffbf00000000 - 0xffffffc000000000   (     4 GB maximum)

0xffffffbf00000000 - 0xffffffbf20000000   (   512 MB actual)

memory  : 0xffffffc000000000 - 0xffffffc800000000   ( 32768 MB)

SLUB: HWalign=64, Order=0-3, MinObjects=0, CPUs=8, Nodes=1

Preemptible hierarchical RCU implementation.

Build-time adjustment of leaf fanout to 64.

RCU restricting CPUs from NR_CPUS=64 to nr_cpu_ids=8.

RCU: Adjusting geometry for rcu_fanout_leaf=64, nr_cpu_ids=8

NR_IRQS:64 nr_irqs:64 0

GIC: Using split EOI/Deactivate mode

arm_arch_timer: Architected cp15 timer(s) running at 31.25MHz (phys).

clocksource: arch_sys_counter: mask: 0xffffffffffffff max_cycles: 0xe6a171046, max_idle_ns: 881590405314 ns

sched_clock: 56 bits at 31MHz, resolution 32ns, wraps every 4398046511088ns

Console: colour dummy device 80x25

console [tty0] enabled

bootconsole [tegra_comb_uart0] disabled

kmemleak: Kernel memory leak detector disabled

Calibrating delay loop (skipped), value calculated using timer frequency.. 62.50 BogoMIPS (lpj=125000)

pid_max: default: 32768 minimum: 301

Security Framework initialized

Mount-cache hash table entries: 65536 (order: 7, 524288 bytes)

Mountpoint-cache hash table entries: 65536 (order: 7, 524288 bytes)

ftrace: allocating 46717 entries in 183 pages

sched-energy: Sched-energy-costs installed from DT

ASID allocator initialised with 65536 entries

tegra-id: chipid=21917.

tegra-id: opt_subrevision=1.

Tegra Revision: A02 SKU: 0xd0 CPU Process: 0 SoC Process: 0

DTS File Name: arch/arm64/boot/dts/../../../../../../hardware/nvidia/platform/t19x/galen/kernel-dts/common/tegra194-p2888-0001-p2822-0000-common.dtsi

DTB Build time: <unknown>

CPU1: Booted secondary processor [4e0f0040]

CPU2: Booted secondary processor [4e0f0040]

CPU3: Booted secondary processor [4e0f0040]

CPU4: Booted secondary processor [4e0f0040]

CPU5: Booted secondary processor [4e0f0040]

CPU6: Booted secondary processor [4e0f0040]

CPU7: Booted secondary processor [4e0f0040]

Brought up 8 CPUs

SMP: Total of 8 processors activated.

CPU features: detected feature: Privileged Access Never

CPU features: detected feature: LSE atomic instructions

CPU features: detected feature: User Access Override

CPU features: detected feature: 32-bit EL0 Support

CPU: All CPU(s) started at EL2

alternatives: patching kernel code

devtmpfs: initialized

Initilizing CustomIPI irq domain

clocksource: jiffies: mask: 0xffffffff max_cycles: 0xffffffff, max_idle_ns: 7645041785100000 ns

futex hash table entries: 2048 (order: 5, 131072 bytes)

pinctrl core: initialized pinctrl subsystem

OS set in device tree is not L4T.

regulator-dummy: no parameters

Initializing plugin-manager

Plugin module not found

Plugin-manager status disabled

NET: Registered protocol family 16

pstore: using zlib compression

console [pstore-1] enabled

pstore: Registered ramoops as persistent store backend

ramoops: attached 0x200000@0xf0600000, ecc: 0/0

cpuidle: using governor menu

bpmp: waiting for handshake

bpmp: handshake completed

bpmp: synchronizing channels

bpmp: channels synchronized

bpmp: mail init ok

t19x-arm-smmu 12000000.iommu: found 3 SMMUs and ISO SMMU id is 2

t19x-arm-smmu 12000000.iommu: probing hardware configuration...

t19x-arm-smmu 12000000.iommu: SMMUv2 with:

t19x-arm-smmu 12000000.iommu:    stage 1 translation

t19x-arm-smmu 12000000.iommu:    stage 2 translation

t19x-arm-smmu 12000000.iommu:    nested translation

t19x-arm-smmu 12000000.iommu:    stream matching with 128 register groups, mask 0x7f80

t19x-arm-smmu 12000000.iommu: SMMU address space size (0x800000) differs from mapped region size (0x1000000)!

t19x-arm-smmu 12000000.iommu:    64 context banks (0 stage-2 only)

t19x-arm-smmu 12000000.iommu:    Stage-1: 39-bit VA -> 48-bit IPA

t19x-arm-smmu 12000000.iommu:    Stage-2: 39-bit IPA -> 48-bit PA

vdso: 2 pages (1 code @ ffffff8008f57000, 1 data @ ffffff8009e14000)

hw-breakpoint: found 6 breakpoint and 4 watchpoint registers.

atomic_pool_init():622: DMA: preallocated 1024 KiB pool for atomic allocations

tegra_aon_clk_init: ok

Registering BPMP clocks...

tegra_bpmp_clk_init: clock init ok (400 clks)

Serial: AMBA PL011 UART driver

tegra_powergate_init: DONE

DTS File Name: arch/arm64/boot/dts/../../../../../../hardware/nvidia/platform/t19x/galen/kernel-dts/common/tegra194-p2888-0001-p2822-0000-common.dtsi

DTB Build time: <unknown>

Tegra reboot handler registered.

iommu: Adding device 14180000.pcie to group 0

iommu: Adding device 14100000.pcie to group 1

iommu: Adding device 14140000.pcie to group 2

iommu: Adding device 141a0000.pcie to group 3

iommu: Adding device 2490000.ether_qos to group 4

iommu: Adding device 3100000.serial to group 5

iommu: Adding device 3110000.serial to group 6

iommu: Adding device 3140000.serial to group 7

tegra-pmc c360000.pmc: scratch reg offset dts data not present

tegra-pmc: get_secure_pmc_setting: done secure_pmc=0

tegra-pmc: ### PMC reset source: TEGRA_POWER_ON_RESET

tegra-pmc: ### PMC reset level: TEGRA_RESET_LEVEL_L0

tegra-pmc: ### PMC reset status reg: 0x0

tegra-pmc: PMC Prod config success

padctrl padctrl.0: Pad control driver tegra-pmc-padctrl registered

tegra-pmc c360000.pmc: IO padctrl driver initialized

iommu: Adding device 3460000.sdhci to group 8

iommu: Adding device 3400000.sdhci to group 9

iommu: Adding device 2450000.ufshci to group 10

iommu: Adding device 3210000.spi to group 11

iommu: Adding device 3230000.spi to group 12

iommu: Adding device 3160000.i2c to group 13

iommu: Adding device c240000.i2c to group 14

iommu: Adding device 3180000.i2c to group 15

iommu: Adding device 3190000.i2c to group 16

iommu: Adding device 31b0000.i2c to group 17

iommu: Adding device 31c0000.i2c to group 18

iommu: Adding device c250000.i2c to group 19

iommu: Adding device 31e0000.i2c to group 20

iommu: Adding device 3510000.hda to group 21

iommu: Adding device bc00000.rtcpu to group 22

iommu: Adding device 13e10000.host1x to group 23

iommu: Adding device 13e10000.host1x:ctx0 to group 24

iommu: Adding device 13e10000.host1x:ctx1 to group 25

iommu: Adding device 13e10000.host1x:ctx2 to group 26

iommu: Adding device 13e10000.host1x:ctx3 to group 27

iommu: Adding device 13e10000.host1x:ctx4 to group 28

iommu: Adding device 13e10000.host1x:ctx5 to group 29

iommu: Adding device 13e10000.host1x:ctx6 to group 30

iommu: Adding device 13e10000.host1x:ctx7 to group 31

iommu: Adding device 15340000.vic to group 32

iommu: Adding device 15380000.nvjpg to group 33

iommu: Adding device 15500000.tsec to group 34

iommu: Adding device 15100000.tsecb to group 35

iommu: Adding device 15480000.nvdec to group 36

iommu: Adding device 15140000.nvdec1 to group 37

iommu: Adding device 154c0000.nvenc to group 38

iommu: Adding device 15a80000.nvenc1 to group 39

iommu: Adding device 15880000.nvdla0 to group 40

iommu: Adding device 158c0000.nvdla1 to group 41

iommu: Adding device 15200000.nvdisplay to group 42

platform 15200000.nvdisplay: IOVA linear map 0x00000000a069c000(800000)

platform 15200000.nvdisplay: IOVA linear map 0x00000000a0696000(3000)

platform 15200000.nvdisplay: IOVA linear map 0x00000000c6000000(2a000000)

t19x-arm-smmu: Adding 15200000.nvdisplay to ISO SMMU client

iommu: Adding device 15c10000.vi to group 43

t19x-arm-smmu: Adding 15c10000.vi to ISO SMMU client

iommu: Adding device 14800000.isp to group 44

iommu: Adding device 16000000.pva0 to group 45

iommu: Adding device 16800000.pva1 to group 46

iommu: Adding device 15810000.se to group 47

iommu: Adding device 15820000.se to group 48

iommu: Adding device 15830000.se to group 49

iommu: Adding device 15840000.se to group 50

iommu: Adding device c1a0000.aon to group 51

iommu: Adding device d000000.bpmp to group 52

bpmp: ping status is 0

bpmp d000000.bpmp: firmware tag is 57f8a77779f848bf2ecf21dabee5645f

bpmp d000000.bpmp: probe ok

tegra-reset 0.bpmp_reset: registered 190 resets.

iommu: Adding device smmu_test to group 53

mc: mapped MMIO address: 0xffffff800a560000 -> 0x2c10000

mc: mapped MMIO address: 0xffffff800a580000 -> 0x2c20000

mc: mapped MMIO address: 0xffffff800a5a0000 -> 0x2c30000

mc: mapped MMIO address: 0xffffff800a5c0000 -> 0x2c40000

mc: mapped MMIO address: 0xffffff800a5e0000 -> 0x2c50000

mc: mapped MMIO address: 0xffffff800a7b0000 -> 0x2b80000

mc: mapped MMIO address: 0xffffff800a7d0000 -> 0x2b90000

mc: mapped MMIO address: 0xffffff800b010000 -> 0x2ba0000

mc: mapped MMIO address: 0xffffff800b030000 -> 0x2bb0000

mc: mapped MMIO address: 0xffffff800b050000 -> 0x1700000

mc: mapped MMIO address: 0xffffff800b070000 -> 0x1710000

mc: mapped MMIO address: 0xffffff800b090000 -> 0x1720000

mc: mapped MMIO address: 0xffffff800b0b0000 -> 0x1730000

mc: mapped MMIO address: 0xffffff800b0d0000 -> 0x1740000

mc: mapped MMIO address: 0xffffff800b0f0000 -> 0x1750000

mc: mapped MMIO address: 0xffffff800b110000 -> 0x1760000

mc: mapped MMIO address: 0xffffff800b130000 -> 0x1770000

mc-err: mcerr ops are set to t19x

iommu: Adding device 2600000.dma to group 54

GPIO line 339 (wifi-enable) hogged as output/high

GPIO line 490 (camera-control-output-high) hogged as output/high

GPIO line 445 (camera-control-output-low) hogged as output/low

GPIO line 444 (camera-control-output-low) hogged as output/low

gpiochip_setup_dev: registered GPIOs 288 to 511 on device: gpiochip0 (tegra-gpio)

GPIO line 253 (pex-refclk-sel-low) hogged as output/low

gpiochip_setup_dev: registered GPIOs 248 to 287 on device: gpiochip1 (tegra-gpio-aon)

tegra186-aowake c370000.pmc: WAKE_AOWAKE_CTRL_0 = 3

tegra186-aowake c370000.pmc: WAKE_AOWAKE_CNTRL_24(PMU_INT) = 256

iommu: Adding device 3550000.xudc to group 55

iommu: Adding device 3610000.xhci to group 56

arm64_ras arm64_ras: probed

ras_fhi_enable: FHI 476 enabled on CPU0

ras_fhi_enable: FHI 477 enabled on CPU1

ras_fhi_enable: FHI 478 enabled on CPU2

ras_fhi_enable: FHI 479 enabled on CPU3

ras_fhi_enable: FHI 480 enabled on CPU4

ras_fhi_enable: FHI 481 enabled on CPU5

ras_fhi_enable: FHI 482 enabled on CPU6

ras_fhi_enable: FHI 483 enabled on CPU7

carmel_ras_enable: RAS enabled on cpu0

carmel_ras_enable: RAS enabled on cpu1

carmel_ras_enable: RAS enabled on cpu2

carmel_ras_enable: RAS enabled on cpu3

carmel_ras_enable: RAS enabled on cpu4

carmel_ras_enable: RAS enabled on cpu5

carmel_ras_enable: RAS enabled on cpu6

carmel_ras_enable: RAS enabled on cpu7

carmel_ras carmel_ras: probed

tegra-cbb 2300000.cbb-noc: noc_secure_irq = 485, noc_nonsecure_irq = 484>

tegra-cbb c600000.aon-noc: noc_secure_irq = 487, noc_nonsecure_irq = 486>

tegra-cbb d600000.bpmp-noc: noc_secure_irq = 489, noc_nonsecure_irq = 488>

tegra-cbb be00000.rce-noc: noc_secure_irq = 491, noc_nonsecure_irq = 490>

tegra-cbb b600000.sce-noc: noc_secure_irq = 493, noc_nonsecure_irq = 492>

tegra-cbb 14040000.cv-noc: defer probe as CV-NOC not probed yet

vdd-3v3-cvb: 3300 mV

vdd-1v8-cvb: 1800 mV

vdd-1v8-sd: 1800 mV

vdd-epb-1v0: supplied by vdd-3v3-cvb

vdd-epb-1v0: 1000 mV

vdd-sdmmc1-sw: 3300 mV

avdd-cam-2v8: 2800 mV

vdd-sata-1v5: 1500 mV

vdd-1v8-slt: 1800 mV

vdd-3v3-slt: 3300 mV

vdd-fan: 5000 mV

vdd-hdmi-5v0: 5000 mV

vdd_sys_en: 1200 mV

vdd-5v-sata: 5000 mV

vdd-ac-bat: 5000 mV

vdd-5v-sata: supplied by vdd-ac-bat

HugeTLB registered 2 MB page size, pre-allocated 0 pages

eventlib_kernel: keventlib is initialized, test id: 0

SCSI subsystem initialized

usbcore: registered new interface driver usbfs

usbcore: registered new interface driver hub

usbcore: registered new device driver usb

tegra-i2c 31e0000.i2c: could not find pctldev for node /host1x/dpaux@155F0000/pinmux@0, deferring probe

max77620 4-003c: PMIC Version OTP:0x51 and ES:0x2

vdd-1v0: at 1000 mV

vdd-1v8-hs: at 1800 mV

vdd-1v8-ls: at 1800 mV

vdd-1v8-ao: at 1800 mV

vddio-ddr-1v1: at 1100 mV

vdd-rtc: at 800 mV

spmic-ldo1: at 2375 mV

vdd-ao-3v3: at 3300 mV

vddio-emmc-3v3: at 3300 mV

spmic-ldo4: at 1587 mV

vdd-usb-3v3: at 3300 mV

vddio-sdmmc1-3v3: at 3300 mV

vdd-csi-1v2: at 1200 mV

spmic-ldo8: at 1800 mV

GPIO line 246 (gpio_default) hogged as output/high

GPIO line 247 (gpio_default) hogged as output/high

gpiochip_setup_dev: registered GPIOs 240 to 247 on device: gpiochip2 (max77620-gpio)

max77620 4-003c: max77620 probe successful

media: Linux media interface: v0.10

Linux video capture interface: v2.00

pps_core: LinuxPPS API ver. 1 registered

pps_core: Software ver. 5.3.6 - Copyright 2005-2007 Rodolfo Giometti <giometti@linux.it>

PTP clock support registered

tegra_wdt_t18x 30c0000.watchdog: Expiry count is deprecated

tegra_wdt_t18x 30c0000.watchdog: Tegra WDT init timeout = 120 sec

tegra_wdt_t18x 30c0000.watchdog: Registered successfully

trusty trusty: trusty version: Built: 21:16:17 Jun 25 2020

trusty trusty: selected api version: 3 (requested 3)

Advanced Linux Sound Architecture Driver Initialized.

Bluetooth: Core ver 2.22

NET: Registered protocol family 31

Bluetooth: HCI device and connection manager initialized

Bluetooth: HCI socket layer initialized

Bluetooth: L2CAP socket layer initialized

Bluetooth: SCO socket layer initialized

camchar: rtcpu character device driver loaded

gpio tegra-gpio wake35 for gpio=128(Q:0)

extcon-gpio-states external-connection:extcon@1: Cable state:1, cable id:1

clocksource: Switched to clocksource arch_sys_counter

VFS: Disk quotas dquot_6.6.0

VFS: Dquot-cache hash table entries: 512 (order 0, 4096 bytes)

nvmap_heap_init: nvmap_heap_init: created heap block cache

tegra-carveouts tegra-carveouts: assigned reserved memory node grid-of-semaphores

dma_declare_coherent_resizable_cma_memory:324: resizable heap=vpr, base=0x00000000c6000000, size=0x2a000000

cma: enabled page replacement for spfn=c6000, epfn=f0000

dma_declare_coherent_resizable_cma_memory:373: resizable cma heap=vpr create successful

nvmap: nvmap_select_cache_ops() nvmap cache ops set to scf

nvmap_page_pool_init: Total RAM pages: 8163654

nvmap_page_pool_init: nvmap page pool size: 1020456 pages (3986 MB)

nvmap_background_zero_thread: PP zeroing thread starting.

misc nvmap: created heap vpr base 0x00000000c6000000 size (688128KiB)

tegra-gpcdma 2600000.dma: GPC DMA driver register 31 channels

thermal thermal_zone0: Registering thermal zone thermal_zone0 for type CPU-therm

thermal thermal_zone1: Registering thermal zone thermal_zone1 for type GPU-therm

thermal thermal_zone2: Registering thermal zone thermal_zone2 for type AUX-therm

thermal thermal_zone3: Registering thermal zone thermal_zone3 for type AO-therm

thermal thermal_zone4: Registering thermal zone thermal_zone4 for type PMIC-Die

thermal thermal_zone5: Registering thermal zone thermal_zone5 for type Tboard_tegra

thermal thermal_zone6: Registering thermal zone thermal_zone6 for type Tdiode_tegra

la/ptsa driver initialized.

NET: Registered protocol family 2

TCP established hash table entries: 262144 (order: 9, 2097152 bytes)

TCP bind hash table entries: 65536 (order: 8, 1048576 bytes)

TCP: Hash tables configured (established 262144 bind 65536)

UDP hash table entries: 16384 (order: 7, 524288 bytes)

UDP-Lite hash table entries: 16384 (order: 7, 524288 bytes)

NET: Registered protocol family 1

RPC: Registered named UNIX socket transport module.

RPC: Registered udp transport module.

RPC: Registered tcp transport module.

RPC: Registered tcp NFSv4.1 backchannel transport module.

Trying to unpack rootfs image as initramfs...

Freeing initrd memory: 22388K

random: fast init done

host1x 13e10000.host1x: initialized

hw perfevents: enabled with armv8_pmuv3 PMU driver, 7 counters available

audit: initializing netlink subsys (disabled)

audit: type=2000 audit(1.592:1): initialized

workingset: timestamp_bits=46 max_order=23 bucket_order=0

squashfs: version 4.0 (2009/01/31) Phillip Lougher

ntfs: driver 2.1.32 [Flags: R/W].

9p: Installing v9fs 9p2000 file system support

Block layer SCSI generic (bsg) driver version 0.4 loaded (major 240)

io scheduler noop registered

io scheduler cfq registered (default)

gic 2a41000.agic-controller: GIC IRQ controller registered

iommu: Adding device 2993000.adsp to group 57

iommu: Adding device aconnect@2a41000:adsp_audio to group 58

tegra-aconnect aconnect@2a41000: Tegra ACONNECT bus registered

tegra-pwm 3280000.pwm: PWM clk can sleep in ops

tegra-pwm c340000.pwm: PWM clk can sleep in ops

tegra-pwm 32c0000.pwm: PWM clk can sleep in ops

tegra-pwm 32f0000.pwm: PWM clk can sleep in ops

tegra_camera_platform tegra-camera-platform: tegra_camera_probe:camera_platform_driver probe

misc tegra_camera_ctrl: tegra_camera_isomgr_register: some fields not in DT.

misc tegra_camera_ctrl: tegra_camera_isomgr_register isp_iso_bw=0, vi_iso_bw=3333332, max_bw=3333332

tsec 15500000.tsec: initialized

tsec 15100000.tsecb: initialized

nvdec 15480000.nvdec: initialized

nvdec 15140000.nvdec1: initialized

falcon 15340000.vic: initialized

falcon 15380000.nvjpg: initialized

falcon 154c0000.nvenc: initialized

falcon 15a80000.nvenc1: initialized

iommu_context_dev 13e10000.host1x:ctx0: initialized (streamid=56)

iommu_context_dev 13e10000.host1x:ctx1: initialized (streamid=57)

iommu_context_dev 13e10000.host1x:ctx2: initialized (streamid=58)

iommu_context_dev 13e10000.host1x:ctx3: initialized (streamid=59)

iommu_context_dev 13e10000.host1x:ctx4: initialized (streamid=60)

iommu_context_dev 13e10000.host1x:ctx5: initialized (streamid=61)

iommu_context_dev 13e10000.host1x:ctx6: initialized (streamid=62)

iommu_context_dev 13e10000.host1x:ctx7: initialized (streamid=63)

t194-nvcsi 15a00000.nvcsi: initialized

scare-pigeon 13e10000.host1x:vi-thi@15f00000: initialized

scare-pigeon 14b00000.isp-thi: initialized

pva 16000000.pva0: initialized

pva 16800000.pva1: initialized

nvdla 15880000.nvdla0: initialized

nvdla 158c0000.nvdla1: initialized

tegradccommon 15200000.dc_common: host1x channel mapped

tegradccommon 15200000.dc_common: dc_common syncpt # 1 allocated

tegradccommon 15200000.dc_common: dma mapping done

tegra_cec 3960000.tegra_cec: dt=1 start=0x03960000 end=0x03960FFF irq=83

tegra_cec 3960000.tegra_cec: Unpowergate DISP: 0.

tegra_cec 3960000.tegra_cec: Enable clock result: 0.

tegra_cec 3960000.tegra_cec: tegra_cec_init started

tegra_cec 3960000.tegra_cec: cec_add_sysfs ret=0

tegra_cec 3960000.tegra_cec: probed

tegradc 15200000.nvdisplay: disp0 connected to head0->/host1x/sor2

generic_infoframe_type: 0x87

tegradc 15200000.nvdisplay: DT parsed successfully

tegradc 15200000.nvdisplay: Display dc.ffffff800bc60000 registered with id=0

of_fixed_clk: probe of mcp2518fd_osc failed with error -17

tegra_nvdisp_bandwidth_register_max_config: max config iso bw = 15681600 KB/s

tegra_nvdisp_bandwidth_register_max_config: max config EMC floor = 1066500000 Hz

tegra_nvdisp_bandwidth_register_max_config: max config hubclk = 358400000 Hz

tegradc 15200000.nvdisplay: vblank syncpt # 8 for dc 0

tegradc 15200000.nvdisplay: vpulse3 syncpt # 9 for dc 0

tegradc 15200000.nvdisplay: Bootloader disp_param detected. Detected mode: 1920x1080 (on 0x0mm) pclk=148350937

tegradc 15200000.nvdisplay: hdmi: invalid prod list prod_list_hdmi_board

tegradc 15200000.nvdisplay: hdmi: tegra_hdmi_tmds_range_read(bd) failed

tegradc 15200000.nvdisplay: probed

tegra-adma 2930000.adma: Tegra210 ADMA driver registered 32 channels

tegra-fuse-burn 3820000.efuse:efuse-burn: shutdown limit check disabled

tegra-fuse-burn 3820000.efuse:efuse-burn: Fuse burn driver initialized

kfuse 3830000.kfuse: initialized

Serial: 8250/16550 driver, 4 ports, IRQ sharing disabled

3100000.serial: ttyTHS0 at MMIO 0x3100000 (irq = 51, base_baud = 0) is a TEGRA_UART

3110000.serial: ttyTHS1 at MMIO 0x3110000 (irq = 52, base_baud = 0) is a TEGRA_UART

3140000.serial: ttyTHS4 at MMIO 0x3140000 (irq = 53, base_baud = 0) is a TEGRA_UART

tegra_cec 3960000.tegra_cec: Can't find physical addresse.

tegra_cec 3960000.tegra_cec: tegra_cec_init Done.

console [ttyTCU0] enabled

[drm] Initialized

Console: switching to colour frame buffer device 240x67

tegradc 15200000.nvdisplay: fb registered

gpio tegra-gpio wake71 for gpio=98(M:2)

tegra_nvdisp_handle_pd_enable: Unpowergated Head0 pd

tegra_nvdisp_handle_pd_enable: Unpowergated Head1 pd

brd: module loaded

loop: module loaded

tegra_profiler: version: 1.141, samples/io: 48/28

tegra_profiler: auth: init

Parent Clock set for DC plld3

nct1008_nct72 4-004c: starting parse dt

THERMAL EST: found 3 subdevs

THERMAL EST num_resources: 0

[THERMAL EST subdev 0]

[THERMAL EST subdev 1]

[THERMAL EST subdev 2]

THERMAL EST: Found 2 profiles, default profile is quiet

thermal thermal_zone7: Registering thermal zone thermal_zone7 for type thermal-fan-est

THERMAL EST: thz register success.

THERMAL EST: end of probe, return err: 0

ufs_tegra 2450000.ufshci: freq-table-hz property not specified

ufs_tegra 2450000.ufshci: ufshcd_populate_vreg: Unable to find vdd-hba-supply regulator, assuming enabled

ufs_tegra 2450000.ufshci: wakeup init done, cdirq 458

gpio tegra-gpio-aon wake25 for gpio=32(EE:0)

sd: No Scsi addr parsed to reserve index

hisi_sas: driver version v1.6

libphy: Fixed MDIO Bus: probed

tun: Universal TUN/TAP device driver, 1.6

tun: (C) 1999-2004 Max Krasnyansky <maxk@qualcomm.com>

e1000e: Intel(R) PRO/1000 Network Driver - 3.2.6-k

e1000e: Copyright(c) 1999 - 2015 Intel Corporation.

igb: Intel(R) Gigabit Ethernet Network Driver - version 5.4.0-k

igb: Copyright (c) 2007-2014 Intel Corporation.

igbvf: Intel(R) Gigabit Virtual Function Network Driver - version 2.4.0-k

igbvf: Copyright (c) 2009 - 2012 Intel Corporation.

Intel(R) 10GbE PCI Express Linux Network Driver - version 4.6.4

Copyright(c) 1999 - 2017 Intel Corporation.

eqos 2490000.ether_qos: failed to read eqos_auto_cal_config_0_reg

eqos 2490000.ether_qos: Setting local MAC: 48 b0 2d 63 da d4

Using default phy reset low power mode

libphy: dwc_phy: probed

PPP generic driver version 2.4.2

PPP BSD Compression module registered

PPP Deflate Compression module registered

PPP MPPE Compression module registered

NET: Registered protocol family 24

usbcore: registered new interface driver r8152

VFIO - User Level meta-driver version: 0.3

ehci_hcd: USB 2.0 'Enhanced' Host Controller (EHCI) Driver

ehci-pci: EHCI PCI platform driver

ohci_hcd: USB 1.1 'Open' Host Controller (OHCI) Driver

ohci-pci: OHCI PCI platform driver

ohci-platform: OHCI generic platform driver

tegra-xusb 3610000.xhci: No USB port has OTG_CAP

tegra-xusb 3610000.xhci: Direct firmware load for tegra19x_xusb_firmware failed with error -2

tegra-xusb 3610000.xhci: Falling back to user helper

usbcore: registered new interface driver uas

usbcore: registered new interface driver usb-storage

usbcore: registered new interface driver usbserial

usbcore: registered new interface driver option

usbserial: USB Serial support registered for GSM modem (1-port)

tegra-xudc-new 3550000.xudc: PMQOS CPU boost enabled

tegra-xudc-new 3550000.xudc: device count: 1

tegra-xudc-new 3550000.xudc: vbus state: 1

tegra-xudc-new 3550000.xudc: device mode on: 0

tegra-xudc-new 3550000.xudc: active: 0 => 1

tegra-xudc-new 3550000.xudc: Initialize boost_cpufreq work

tegradc 15200000.nvdisplay: hdmi: tmds rate:148351K prod-setting:prod_c_hdmi_111m_223m

mousedev: PS/2 mouse device common for all mice

usbcore: registered new interface driver xpad

tegradc 15200000.nvdisplay: hdmi: get RGB quant from REG programmed by BL.

tegradc 15200000.nvdisplay: hdmi: BL set VIC 0

tegradc 15200000.nvdisplay: hdmi: get YCC quant from REG programmed by BL.

extcon-disp-state external-connection:disp-state: cable 48 state 1

Extcon AUX2(HDMI) enable

max77686-rtc max77620-rtc: rtc core: registered max77620-rtc as rtc0

Wake73 for irq=42

rtc rtc1: alarm rtc device

tegra_rtc c2a0000.rtc: rtc core: registered c2a0000.rtc as rtc1

tegra_rtc c2a0000.rtc: Tegra internal Real Time Clock

i2c /dev entries driver

pps pps0: new PPS source pps.-1

gpio tegra-gpio-aon wake48 for gpio=10(BB:2)

pps pps0: Registered IRQ 436 as PPS source

max77620-power max20024-power: Event recorder REG_NVERC : 0x40

tegra-thermal-throttle bthrot_cdev: clk:cpu max:2265600000, min:115200000 steps:28

tegra-thermal-throttle bthrot_cdev: clk:gpu max:1377000000, min:114750000 steps:13

tegra-thermal-throttle bthrot_cdev: cdev:skin-balanced clk:0:cpu off:0 slope-adj:200

tegra-thermal-throttle bthrot_cdev: cdev:skin-balanced clk:1:gpu off:0 slope-adj:400

tegra-thermal-throttle bthrot_cdev: cdev:skin-balanced max_state:56 cutoff:0

tegra-thermal-throttle bthrot_cdev: cdev:gpu-balanced clk:0:cpu off:0 slope-adj:400

tegra-thermal-throttle bthrot_cdev: cdev:gpu-balanced clk:1:gpu off:0 slope-adj:400

tegra-thermal-throttle bthrot_cdev: cdev:gpu-balanced max_state:52 cutoff:1

tegra-thermal-throttle bthrot_cdev: cdev:cpu-balanced clk:0:cpu off:0 slope-adj:200

tegra-thermal-throttle bthrot_cdev: cdev:cpu-balanced clk:1:gpu off:365500000 slope-adj:300

tegra-thermal-throttle bthrot_cdev: cdev:cpu-balanced max_state:56 cutoff:0

tegra-thermal-throttle bthrot_cdev: cdev:emergency-balanced clk:0:cpu off:38400000 slope-adj:10

tegra-thermal-throttle bthrot_cdev: cdev:emergency-balanced clk:1:gpu off:25500000 slope-adj:10

tegra-thermal-throttle bthrot_cdev: cdev:emergency-balanced max_state:2 cutoff:0

tegra-thermal-throttle bthrot_cdev: cdev:aux-balanced clk:0:cpu off:0 slope-adj:400

tegra-thermal-throttle bthrot_cdev: cdev:aux-balanced clk:1:gpu off:0 slope-adj:400

tegra-thermal-throttle bthrot_cdev: cdev:aux-balanced max_state:52 cutoff:1

FAN dev name: pwm-fan

FAN:gpio request success.

FAN: can't find tach_gpio

pwm_fan_driver pwm-fan: Found 2 profiles, default profile is quiet

pwm_fan_driver pwm-fan: cap state:4, cap pwm:255

pwm_fan_driver pwm-fan: got pwm for fan. polarity is normal

pwm_fan_driver pwm-fan: tach period: 1000

pwm_fan_driver pwm-fan: index 0: pwm=0, rpm=0, rru=40, rrd=40, state:2

pwm_fan_driver pwm-fan: index 1: pwm=77, rpm=1000, rru=2, rrd=2, state:2

pwm_fan_driver pwm-fan: index 2: pwm=120, rpm=2000, rru=1, rrd=1, state:2

pwm_fan_driver pwm-fan: index 3: pwm=160, rpm=3000, rru=1, rrd=1, state:2

pwm_fan_driver pwm-fan: index 4: pwm=255, rpm=4000, rru=1, rrd=1, state:3

pwm_fan_driver pwm-fan: index 5: pwm=255, rpm=5000, rru=1, rrd=1, state:3

pwm_fan_driver pwm-fan: index 6: pwm=255, rpm=6000, rru=1, rrd=1, state:3

pwm_fan_driver pwm-fan: index 7: pwm=255, rpm=7000, rru=1, rrd=1, state:4

pwm_fan_driver pwm-fan: index 8: pwm=255, rpm=10000, rru=1, rrd=1, state:4

pwm_fan_driver pwm-fan: index 9: pwm=255, rpm=11000, rru=1, rrd=1, state:4

device-mapper: uevent: version 1.0.3

device-mapper: ioctl: 4.35.0-ioctl (2016-06-23) initialised: dm-devel@redhat.com

tegra194_cpufreq_probe: platform driver Initialization: pass

cpuidle: Initializing cpuidle driver

sdhci: Secure Digital Host Controller Interface driver

sdhci: Copyright(c) Pierre Ossman

sdhci-pltfm: SDHCI platform and OF driver helper

sdhci-tegra 3460000.sdhci: Client registration for eMC Successful

CMDQ: cmdq_platfm_init successful

sdhci-tegra 3400000.sdhci: Client registration for eMC Successful

sdhci-tegra 3400000.sdhci: wakeup init done, cdirq 253

tegra-se-elp 3ad0000.se_elp: tegra_se_elp_probe: complete

tegra-se-nvhost 15810000.se: initialized

tegra-se-nvhost 15810000.se: tegra_se_probe: complete

tegra-se-nvhost 15820000.se: initialized

tegra-se-nvhost 15820000.se: tegra_se_probe: complete

tegra-se-nvhost 15830000.se: initialized

tegra-se-nvhost 15830000.se: tegra_se_probe: complete

tegra-se-nvhost 15840000.se: initialized

tegra-se-nvhost 15840000.se: tegra_se_probe: complete

hidraw: raw HID events driver (C) Jiri Kosina

usbcore: registered new interface driver usbhid

usbhid: USB HID core driver

tegra186-cam-rtcpu bc00000.rtcpu: deferring, 14800000.isp is not probed

tegra_aon c1a0000.aon: tegra aon driver probe OK

tegra186-aondbg aondbg: aondbg driver probe() OK

denver_knobs_init:MTS_VERSION:50168445

tegra19x_actmon d230000.actmon: in actmon_register()...

tegra19x_actmon d230000.actmon: initialization Completed for the device mc_all

t19x_cache tegra-cache: probed

misc nvmap: cvsram :dma coherent mem declare 0x0000000050000000,4194304

misc nvmap: created heap cvsram base 0x0000000050000000 size (4096KiB)

carmel-pmu-drv carmel-pmu: Registered Carmel PMU

PLL_AON clock registered

Clocks initialized successfully

mmc0: SDHCI controller on 3460000.sdhci [3460000.sdhci] using ADMA 64-bit with 64 bit addr

nvpmodel: initialized successfully

mmc1: SDHCI controller on 3400000.sdhci [3400000.sdhci] using ADMA 64-bit with 64 bit addr

trusty-virtio trusty:virtio: initializing

trusty_ipc virtio0: vring0: va(pa)  ffffffc7c4a52000(0) qsz 32 notifyid 1

trusty_ipc virtio0: vring1: va(pa)  ffffffc7da6e8000(0) qsz 32 notifyid 2

trusty-virtio trusty:virtio: initializing done

trusty_ipc virtio0: is online

tegra-hda 3510000.hda: Override SDO lines to 4

usbcore: registered new interface driver snd-usb-audio

input: tegra-hda-galen-t194 HDMI/DP,pcm=3 as /devices/3510000.hda/sound/card0/input0

input: tegra-hda-galen-t194 HDMI/DP,pcm=7 as /devices/3510000.hda/sound/card0/input1

input: tegra-hda-galen-t194 HDMI/DP,pcm=8 as /devices/3510000.hda/sound/card0/input2

input: tegra-hda-galen-t194 HDMI/DP,pcm=9 as /devices/3510000.hda/sound/card0/input3

mmc0: mmc_decode_ext_csd: CMDQ supported: depth: 31, cmdq_support: 1

mmc0: periodic cache flush enabled

mmc0: new HS400 Enhanced strobe MMC card at address 0001

mmcblk0: mmc0:0001 HBG4a2 29.1 GiB

mmcblk0boot0: mmc0:0001 HBG4a2 partition 1 8.00 MiB

mmcblk0boot1: mmc0:0001 HBG4a2 partition 2 8.00 MiB

mmcblk0rpmb: mmc0:0001 HBG4a2 partition 3 4.00 MiB

mmcblk0: p1 p2 p3 p4 p5 p6 p7 p8 p9 p10 p11 p12 p13 p14 p15 p16 p17 p18 p19 p20 p21 p22 p23 p24 p25 p26 p27 p28 p29 p30 p31 p32 p33 p34 p35 p36 p37 p38 p39 p40 p41 p42

tegra-i2c c250000.i2c: no acknowledge from address 0x1a

rt5659 7-001a: Device with ID register ffffff80 is not rt5659

OPE platform probe

OPE platform probe successful

u32 classifier

Actions configured

Initializing XFRM netlink socket

NET: Registered protocol family 10

NET: Registered protocol family 17

NET: Registered protocol family 15

bridge: filtering via arp/ip/ip6tables is no longer available by default. Update your scripts to load br_netfilter if you need this.

Bluetooth: RFCOMM socket layer initialized

Bluetooth: RFCOMM ver 1.11

Bluetooth: HIDP (Human Interface Emulation) ver 1.2

Bluetooth: HIDP socket layer initialized

9pnet: Installing 9P2000 support

Key type dns_resolver registered

Registered cp15_barrier emulation handler

Registered setend emulation handler

registered taskstats version 1

tegra-pcie-dw 14180000.pcie: Setting init speed to max speed

OF: PCI: host bridge /pcie@14180000 ranges:

OF: PCI:    IO 0x38100000..0x381fffff -> 0x38100000

OF: PCI:   MEM 0x1b40000000..0x1bffffffff -> 0x40000000

OF: PCI:   MEM 0x1800000000..0x1b3fffffff -> 0x1800000000

▒▒WARNING: pll_d3 has no dyn ramp

▒▒[    6.138107] tegradc 15200000.nvdisplay: blank - powerdown

nct1008_nct72 4-004c: !!!Found deprecated property!!!

nct1008_nct72 4-004c: success parsing dt

nct1008_nct72 4-004c: success in enabling tmp451 VDD rail

nct1008_nct72 4-004c: LOC shutdown limit 107

nct1008_nct72 4-004c: EXT shutdown limit 109

extcon-disp-state external-connection:disp-state: cable 48 state 0

Extcon AUX2(HDMI) disable

tegra_nvdisp_handle_pd_disable: Powergated Head1 pd

tegra_nvdisp_handle_pd_disable: Powergated Head0 pd

nct1008_nct72 4-004c: initial LOC temp: 40000

nct1008_nct72 4-004c: initial EXT temp: 52000

nct1008_nct72 4-004c: hi_b:-10, lo_b:128

nct1008_nct72 4-004c: nct1008_probe: initialized

tegradc 15200000.nvdisplay: unblank

tegra_nvdisp_handle_pd_enable: Unpowergated Head0 pd

tegra_nvdisp_handle_pd_enable: Unpowergated Head1 pd

Parent Clock set for DC plld3

tegra-pcie-dw 14180000.pcie: link is down

tegra-pcie-dw 14180000.pcie: PCI host bridge to bus 0000:00

pci_bus 0000:00: root bus resource [bus 00-ff]

pci_bus 0000:00: root bus resource [io  0x0000-0xfffff] (bus address [0x38100000-0x381fffff])

pci_bus 0000:00: root bus resource [mem 0x1b40000000-0x1bffffffff] (bus address [0x40000000-0xffffffff])

pci_bus 0000:00: root bus resource [mem 0x1800000000-0x1b3fffffff pref]

iommu: Adding device 0000:00:00.0 to group 59

pci 0000:00:00.0: PCI bridge to [bus 01-ff]

pci 0000:00:00.0: Max Payload Size set to  256/ 256 (was  256), Max Read Rq  512

pcieport 0000:00:00.0: Signaling PME through PCIe PME interrupt

iommu: Removing device 0000:00:00.0 from group 59

tegradc 15200000.nvdisplay: hdmi: tmds rate:148500K prod-setting:prod_c_hdmi_111m_223m

tegra-pcie-dw 14180000.pcie: PCIe link is not up...!

tegra-pcie-dw 14100000.pcie: Setting init speed to max speed

tegradc 15200000.nvdisplay: hdmi: get RGB quant from EDID.

tegradc 15200000.nvdisplay: hdmi: get YCC quant from EDID.

OF: PCI: host bridge /pcie@14100000 ranges:

OF: PCI:    IO 0x30100000..0x301fffff -> 0x30100000

OF: PCI:   MEM 0x1230000000..0x123fffffff -> 0x40000000

OF: PCI:   MEM 0x1200000000..0x122fffffff -> 0x1200000000

extcon-disp-state external-connection:disp-state: cable 48 state 1

Extcon AUX2(HDMI) enable

tegra-pcie-dw 14100000.pcie: link is down

tegra-pcie-dw 14100000.pcie: PCI host bridge to bus 0001:00

pci_bus 0001:00: root bus resource [bus 00-ff]

pci_bus 0001:00: root bus resource [io  0x100000-0x1fffff] (bus address [0x30100000-0x301fffff])

pci_bus 0001:00: root bus resource [mem 0x1230000000-0x123fffffff] (bus address [0x40000000-0x4fffffff])

pci_bus 0001:00: root bus resource [mem 0x1200000000-0x122fffffff pref]

iommu: Adding device 0001:00:00.0 to group 59

pci 0001:00:00.0: PCI bridge to [bus 01-ff]

pci 0001:00:00.0: Max Payload Size set to  256/ 256 (was  256), Max Read Rq  512

pcieport 0001:00:00.0: Signaling PME through PCIe PME interrupt

iommu: Removing device 0001:00:00.0 from group 59

tegra-pcie-dw 14100000.pcie: PCIe link is not up...!

tegra-pcie-dw 14140000.pcie: Setting init speed to max speed

OF: PCI: host bridge /pcie@14140000 ranges:

OF: PCI:    IO 0x34100000..0x341fffff -> 0x34100000

OF: PCI:   MEM 0x12b0000000..0x12bfffffff -> 0x40000000

OF: PCI:   MEM 0x1280000000..0x12afffffff -> 0x1280000000

tegra-pcie-dw 14140000.pcie: link is down

tegra-pcie-dw 14140000.pcie: PCI host bridge to bus 0003:00

pci_bus 0003:00: root bus resource [bus 00-ff]

pci_bus 0003:00: root bus resource [io  0x200000-0x2fffff] (bus address [0x34100000-0x341fffff])

pci_bus 0003:00: root bus resource [mem 0x12b0000000-0x12bfffffff] (bus address [0x40000000-0x4fffffff])

pci_bus 0003:00: root bus resource [mem 0x1280000000-0x12afffffff pref]

iommu: Adding device 0003:00:00.0 to group 59

pci 0003:00:00.0: PCI bridge to [bus 01-ff]

pci 0003:00:00.0: Max Payload Size set to  256/ 256 (was  256), Max Read Rq  512

pcieport 0003:00:00.0: Signaling PME through PCIe PME interrupt

iommu: Removing device 0003:00:00.0 from group 59

tegra-pcie-dw 14140000.pcie: PCIe link is not up...!

tegra-pcie-dw 141a0000.pcie: Setting init speed to max speed

OF: PCI: host bridge /pcie@141a0000 ranges:

OF: PCI:    IO 0x3a100000..0x3a1fffff -> 0x3a100000

OF: PCI:   MEM 0x1f40000000..0x1fffffffff -> 0x40000000

OF: PCI:   MEM 0x1c00000000..0x1f3fffffff -> 0x1c00000000

tegra-pcie-dw 141a0000.pcie: link is down

tegra-pcie-dw 141a0000.pcie: PCI host bridge to bus 0005:00

pci_bus 0005:00: root bus resource [bus 00-ff]

pci_bus 0005:00: root bus resource [io  0x300000-0x3fffff] (bus address [0x3a100000-0x3a1fffff])

pci_bus 0005:00: root bus resource [mem 0x1f40000000-0x1fffffffff] (bus address [0x40000000-0xffffffff])

pci_bus 0005:00: root bus resource [mem 0x1c00000000-0x1f3fffffff pref]

iommu: Adding device 0005:00:00.0 to group 59

pci 0005:00:00.0: PCI bridge to [bus 01-ff]

pci 0005:00:00.0: Max Payload Size set to  256/ 256 (was  256), Max Read Rq  512

pcieport 0005:00:00.0: Signaling PME through PCIe PME interrupt

iommu: Removing device 0005:00:00.0 from group 59

tegra-pcie-dw 141a0000.pcie: PCIe link is not up...!

tegra-cbb 14040000.cv-noc: noc_secure_irq = 97, noc_nonsecure_irq = 96>

tegra194-isp5 14800000.isp: initialized

tegra194-vi5 15c10000.vi: using default number of vi channels, 36

tegra194-vi5 15c10000.vi: initialized

tegra194-vi5 15c10000.vi: subdev 15a00000.nvcsi--8 bound

tegra194-vi5 15c10000.vi: subdev 15a00000.nvcsi--7 bound

tegra194-vi5 15c10000.vi: subdev 15a00000.nvcsi--6 bound

tegra194-vi5 15c10000.vi: subdev 15a00000.nvcsi--5 bound

tegra194-vi5 15c10000.vi: subdev 15a00000.nvcsi--4 bound

tegra194-vi5 15c10000.vi: subdev 15a00000.nvcsi--3 bound

tegra194-vi5 15c10000.vi: subdev 15a00000.nvcsi--2 bound

tegra194-vi5 15c10000.vi: subdev 15a00000.nvcsi--1 bound

tegra186-cam-rtcpu bc00000.rtcpu: Trace buffer configured at IOVA=0xbff00000

tegra-ivc ivc-bc00000.rtcpu: region 0: iova=0xbfee0000-0xbfefffff size=131072

tegra-ivc ivc-bc00000.rtcpu:echo@0: echo: ver=0 grp=1 RX[16x64]=0x1000-0x1480 TX[16x64]=0x1480-0x1900

tegra-ivc ivc-bc00000.rtcpu:dbg@1: dbg: ver=0 grp=1 RX[1x384]=0x1900-0x1b00 TX[1x384]=0x1b00-0x1d00

tegra-ivc ivc-bc00000.rtcpu:dbg@2: dbg: ver=0 grp=1 RX[1x8192]=0x1d00-0x3d80 TX[1x8192]=0x3d80-0x5e00

tegra-ivc ivc-bc00000.rtcpu:ivccontrol@3: ivccontrol: ver=0 grp=1 RX[64x320]=0x5e00-0xae80 TX[64x320]=0xae80-0xff00

tegra-ivc ivc-bc00000.rtcpu:ivccapture@4: ivccapture: ver=0 grp=1 RX[512x64]=0xff00-0x17f80 TX[512x64]=0x17f80-0x20000

tegra186-cam-rtcpu bc00000.rtcpu: using cam RTCPU IRQ (71)

tegra186-cam-rtcpu bc00000.rtcpu: tegra_camrtc_mon_create is successful

tegra186-cam-rtcpu bc00000.rtcpu: firmware version cpu=rce cmd=5 sha1=cf2bef3ad10e437272857b76308abef8ffb80bda

gpio tegra-gpio wake67 for gpio=48(G:0)

gpio tegra-gpio-aon wake29 for gpio=36(EE:4)

input: gpio-keys as /devices/gpio-keys/input/input4

tegra_rtc c2a0000.rtc: setting system clock to 2000-01-01 01:00:18 UTC (946688418)

mmcblk mmc0:0001: Card claimed for testing.

bpmp: mounted debugfs mirror

vdd-1v8-cvb: disabling

vdd-1v8-sd: disabling

vdd-epb-1v0: disabling

avdd-cam-2v8: disabling

vdd-sata-1v5: disabling

vdd-3v3-slt: disabling

vdd-fan: disabling

vdd_sys_en: disabling

vdd-5v-sata: disabling

ALSA device list:

#0: tegra-hda-galen-t194 at 0x3518000 irq 70

extcon-disp-state external-connection:disp-state: cable 51 state 1

Freeing unused kernel memory: 8512K

Extcon HDMI: HPD enabled

tegradc 15200000.nvdisplay: hdmi: plugged

Root device found: mmcblk0p1

Found dev node: /dev/mmcblk0p1

########DF Force to enter normal mode...

EXT4-fs (mmcblk0p1): 4 orphan inodes deleted

EXT4-fs (mmcblk0p1): recovery complete

EXT4-fs (mmcblk0p1): mounted filesystem with ordered data mode. Opts: (null)

Rootfs mounted over mmcblk0p1

Switching from initrd to actual rootfs

systemd[1]: System time before build time, advancing clock.

ip_tables: (C) 2000-2006 Netfilter Core Team

cgroup: cgroup2: unknown option "nsdelegate"

systemd[1]: systemd 237 running in system mode. (+PAM +AUDIT +SELINUX +IMA +APPARMOR +SMACK +SYSVINIT +UTMP +LIBCRYPTSETUP +GCRYPT +GNUTLS +ACL +XZ +LZ4 +SECCOMP +BLKID +ELFUTILS +KMOD -IDN2 +IDN -PCRE2 default-hierarchy=hybrid)

systemd[1]: Detected architecture arm64.

systemd[1]: No hostname configured.

systemd[1]: Set hostname to <localhost>.

systemd[1]: File /lib/systemd/system/systemd-journald.service:36 configures an IP firewall (IPAddressDeny=any), but the local system does not support BPF/cgroup based firewalling.

systemd[1]: Proceeding WITHOUT firewalling in effect! (This warning is only shown for the first loaded unit using IP firewalling.)

random: systemd: uninitialized urandom read (16 bytes read)

systemd[1]: Started Forward Password Requests to Wall Directory Watch.

random: systemd: uninitialized urandom read (16 bytes read)

systemd[1]: Created slice System Slice.

random: systemd: uninitialized urandom read (16 bytes read)

systemd[1]: Listening on udev Kernel Socket.

systemd[1]: Listening on Journal Audit Socket.

gpio tegra-gpio wake44 for gpio=192(Y:0)

EXT4-fs (mmcblk0p1): re-mounted. Opts: (null)

nvgpu: 17000000.gv11b          nvgpu_nvhost_syncpt_init:291  [INFO]  syncpt_unit_base 60000000 syncpt_unit_size 400000 size 1000



random: crng init done

random: 7 urandom warning(s) missed due to ratelimiting

mttcan c310000.mttcan can0: bitrate error 0.2%

mttcan c310000.mttcan can0: bitrate error 1.0%

mttcan c320000.mttcan can1: bitrate error 0.2%

mttcan c320000.mttcan can1: bitrate error 1.0%





Ubuntu 18.04.4 LTS localhost ttyTCU0





localhost login:

